// Jest Snapshot v1, https://goo.gl/fbAQLP

exports[`StyledComponents should render an BlockContainer with the proper styling 1`] = `
.c0 {
  display: block;
  padding: 10px 0;
}

<div
  className="c0"
/>
`;

exports[`StyledComponents should render an ScrollContainer with the proper styling 1`] = `
.c0 {
  display: -webkit-box;
  display: -webkit-flex;
  display: -ms-flexbox;
  display: flex;
  -webkit-flex: 1;
  -ms-flex: 1;
  flex: 1;
  -webkit-flex-wrap: nowrap;
  -ms-flex-wrap: nowrap;
  flex-wrap: nowrap;
  max-width: 100vw;
  min-width: 0;
  overflow-x: auto;
  padding: 10px 0;
}

.c0:after {
  content: '';
  -webkit-flex: 0 0 40px;
  -ms-flex: 0 0 40px;
  flex: 0 0 40px;
}

<div
  className="c0"
/>
`;
