// Jest Snapshot v1, https://goo.gl/fbAQLP

exports[`Routes should render without throwing an error 1`] = `
<Connect(ConnectedRouter)
  history={
    Object {
      "action": "POP",
      "block": [Function],
      "createHref": [Function],
      "go": [Function],
      "goBack": [Function],
      "goForward": [Function],
      "length": 1,
      "listen": [Function],
      "location": Object {
        "hash": "",
        "pathname": "/",
        "search": "",
        "state": undefined,
      },
      "push": [Function],
      "replace": [Function],
    }
  }
>
  <Switch>
    <Route
      key="/privacy"
      path="/privacy"
      render={[Function]}
    />
    <Route
      key="/github"
      path="/github"
      render={[Function]}
    />
    <Route
      key="/"
      path="/"
      render={[Function]}
    />
  </Switch>
</Connect(ConnectedRouter)>
`;
