// Jest Snapshot v1, https://goo.gl/fbAQLP

exports[`Page/AppPage should render without throwing an error 1`] = `<Connect(WithStyles(MainApp)) />`;
